// Jest Snapshot v1, https://goo.gl/fbAQLP

exports[`<Counter/> should match snapshot 1`] = `
ShallowWrapper {
  Symbol(enzyme.__root__): [Circular],
  Symbol(enzyme.__unrendered__): <Counter />,
  Symbol(enzyme.__renderer__): Object {
    "batchedUpdates": [Function],
    "checkPropTypes": [Function],
    "getNode": [Function],
    "render": [Function],
    "simulateError": [Function],
    "simulateEvent": [Function],
    "unmount": [Function],
  },
  Symbol(enzyme.__node__): Object {
    "instance": null,
    "key": undefined,
    "nodeType": "host",
    "props": Object {
      "children": Array [
        <div
          className="counter-display"
        >
          <h1>
            0
          </h1>
        </div>,
        <div
          className="counter-controls"
        >
          <button
            className="btn btn-primary"
            onClick={[Function]}
          >
            Increase
          </button>
           
          <button
            className="btn btn-danger"
            onClick={[Function]}
          >
            Decrease
          </button>
           
          <button
            className="btn btn-warning"
            onClick={[Function]}
          >
            Reset
          </button>
           
          <button
            className="btn btn-secondary"
            onClick={[Function]}
          >
            Multiply by 5 
          </button>
        </div>,
      ],
      "className": "counter-wrapper",
      "data-test": "Counter",
    },
    "ref": null,
    "rendered": Array [
      Object {
        "instance": null,
        "key": undefined,
        "nodeType": "host",
        "props": Object {
          "children": <h1>
            0
          </h1>,
          "className": "counter-display",
        },
        "ref": null,
        "rendered": Object {
          "instance": null,
          "key": undefined,
          "nodeType": "host",
          "props": Object {
            "children": 0,
          },
          "ref": null,
          "rendered": 0,
          "type": "h1",
        },
        "type": "div",
      },
      Object {
        "instance": null,
        "key": undefined,
        "nodeType": "host",
        "props": Object {
          "children": Array [
            <button
              className="btn btn-primary"
              onClick={[Function]}
            >
              Increase
            </button>,
            " ",
            <button
              className="btn btn-danger"
              onClick={[Function]}
            >
              Decrease
            </button>,
            " ",
            <button
              className="btn btn-warning"
              onClick={[Function]}
            >
              Reset
            </button>,
            " ",
            <button
              className="btn btn-secondary"
              onClick={[Function]}
            >
              Multiply by 5 
            </button>,
          ],
          "className": "counter-controls",
        },
        "ref": null,
        "rendered": Array [
          Object {
            "instance": null,
            "key": undefined,
            "nodeType": "host",
            "props": Object {
              "children": "Increase",
              "className": "btn btn-primary",
              "onClick": [Function],
            },
            "ref": null,
            "rendered": "Increase",
            "type": "button",
          },
          " ",
          Object {
            "instance": null,
            "key": undefined,
            "nodeType": "host",
            "props": Object {
              "children": "Decrease",
              "className": "btn btn-danger",
              "onClick": [Function],
            },
            "ref": null,
            "rendered": "Decrease",
            "type": "button",
          },
          " ",
          Object {
            "instance": null,
            "key": undefined,
            "nodeType": "host",
            "props": Object {
              "children": "Reset",
              "className": "btn btn-warning",
              "onClick": [Function],
            },
            "ref": null,
            "rendered": "Reset",
            "type": "button",
          },
          " ",
          Object {
            "instance": null,
            "key": undefined,
            "nodeType": "host",
            "props": Object {
              "children": "Multiply by 5 ",
              "className": "btn btn-secondary",
              "onClick": [Function],
            },
            "ref": null,
            "rendered": "Multiply by 5 ",
            "type": "button",
          },
        ],
        "type": "div",
      },
    ],
    "type": "div",
  },
  Symbol(enzyme.__nodes__): Array [
    Object {
      "instance": null,
      "key": undefined,
      "nodeType": "host",
      "props": Object {
        "children": Array [
          <div
            className="counter-display"
          >
            <h1>
              0
            </h1>
          </div>,
          <div
            className="counter-controls"
          >
            <button
              className="btn btn-primary"
              onClick={[Function]}
            >
              Increase
            </button>
             
            <button
              className="btn btn-danger"
              onClick={[Function]}
            >
              Decrease
            </button>
             
            <button
              className="btn btn-warning"
              onClick={[Function]}
            >
              Reset
            </button>
             
            <button
              className="btn btn-secondary"
              onClick={[Function]}
            >
              Multiply by 5 
            </button>
          </div>,
        ],
        "className": "counter-wrapper",
        "data-test": "Counter",
      },
      "ref": null,
      "rendered": Array [
        Object {
          "instance": null,
          "key": undefined,
          "nodeType": "host",
          "props": Object {
            "children": <h1>
              0
            </h1>,
            "className": "counter-display",
          },
          "ref": null,
          "rendered": Object {
            "instance": null,
            "key": undefined,
            "nodeType": "host",
            "props": Object {
              "children": 0,
            },
            "ref": null,
            "rendered": 0,
            "type": "h1",
          },
          "type": "div",
        },
        Object {
          "instance": null,
          "key": undefined,
          "nodeType": "host",
          "props": Object {
            "children": Array [
              <button
                className="btn btn-primary"
                onClick={[Function]}
              >
                Increase
              </button>,
              " ",
              <button
                className="btn btn-danger"
                onClick={[Function]}
              >
                Decrease
              </button>,
              " ",
              <button
                className="btn btn-warning"
                onClick={[Function]}
              >
                Reset
              </button>,
              " ",
              <button
                className="btn btn-secondary"
                onClick={[Function]}
              >
                Multiply by 5 
              </button>,
            ],
            "className": "counter-controls",
          },
          "ref": null,
          "rendered": Array [
            Object {
              "instance": null,
              "key": undefined,
              "nodeType": "host",
              "props": Object {
                "children": "Increase",
                "className": "btn btn-primary",
                "onClick": [Function],
              },
              "ref": null,
              "rendered": "Increase",
              "type": "button",
            },
            " ",
            Object {
              "instance": null,
              "key": undefined,
              "nodeType": "host",
              "props": Object {
                "children": "Decrease",
                "className": "btn btn-danger",
                "onClick": [Function],
              },
              "ref": null,
              "rendered": "Decrease",
              "type": "button",
            },
            " ",
            Object {
              "instance": null,
              "key": undefined,
              "nodeType": "host",
              "props": Object {
                "children": "Reset",
                "className": "btn btn-warning",
                "onClick": [Function],
              },
              "ref": null,
              "rendered": "Reset",
              "type": "button",
            },
            " ",
            Object {
              "instance": null,
              "key": undefined,
              "nodeType": "host",
              "props": Object {
                "children": "Multiply by 5 ",
                "className": "btn btn-secondary",
                "onClick": [Function],
              },
              "ref": null,
              "rendered": "Multiply by 5 ",
              "type": "button",
            },
          ],
          "type": "div",
        },
      ],
      "type": "div",
    },
  ],
  Symbol(enzyme.__options__): Object {
    "adapter": ReactSixteenAdapter {
      "options": Object {
        "enableComponentDidUpdateOnSetState": true,
        "legacyContextMode": "parent",
        "lifecycles": Object {
          "componentDidUpdate": Object {
            "onSetState": true,
          },
          "getChildContext": Object {
            "calledByRenderer": false,
          },
          "getDerivedStateFromProps": Object {
            "hasShouldComponentUpdateBug": false,
          },
          "getSnapshotBeforeUpdate": true,
          "setState": Object {
            "skipsComponentDidUpdateOnNullish": true,
          },
        },
      },
    },
  },
}
`;
