// Jest Snapshot v1, https://goo.gl/fbAQLP

exports[`<Navbar /> should match snapshot 1`] = `
ShallowWrapper {
  Symbol(enzyme.__root__): [Circular],
  Symbol(enzyme.__unrendered__): <MyNavbar />,
  Symbol(enzyme.__renderer__): Object {
    "batchedUpdates": [Function],
    "checkPropTypes": [Function],
    "getNode": [Function],
    "render": [Function],
    "simulateError": [Function],
    "simulateEvent": [Function],
    "unmount": [Function],
  },
  Symbol(enzyme.__node__): Object {
    "instance": null,
    "key": undefined,
    "nodeType": "host",
    "props": Object {
      "children": <Navbar
        className="my-nav transparent-bg"
        data-test="Navbar"
        expand="md"
        tag="nav"
      >
        <NavLink
          className="navbar-brand logo"
          to="/"
        >
          Typescript
        </NavLink>
        <NavbarToggler
          className="toggler"
          onClick={[Function]}
          tag="button"
          type="button"
        />
        <Collapse
          appear={false}
          enter={true}
          exit={true}
          in={false}
          isOpen={false}
          mountOnEnter={false}
          navbar={true}
          onEnter={[Function]}
          onEntered={[Function]}
          onEntering={[Function]}
          onExit={[Function]}
          onExited={[Function]}
          onExiting={[Function]}
          tag="div"
          timeout={350}
          unmountOnExit={false}
        >
          <Nav
            className="ml-auto"
            navbar={true}
            tag="ul"
            vertical={false}
          >
            <NavItem
              tag="li"
            >
              <NavLink
                activeClassName="active-menu"
                className="nav-link nav-menu"
                to="/counter"
              >
                Counter
              </NavLink>
            </NavItem>
            <NavItem
              tag="li"
            >
              <NavLink
                activeClassName="active-menu"
                className="nav-link nav-menu"
                to="/todo"
              >
                Todo
              </NavLink>
            </NavItem>
            <NavItem
              tag="li"
            >
              <NavLink
                activeClassName="active-menu"
                className="nav-link nav-menu"
                to="/fetch"
              >
                Users
              </NavLink>
            </NavItem>
          </Nav>
        </Collapse>
      </Navbar>,
    },
    "ref": null,
    "rendered": Object {
      "instance": null,
      "key": undefined,
      "nodeType": "function",
      "props": Object {
        "children": Array [
          <NavLink
            className="navbar-brand logo"
            to="/"
          >
            Typescript
          </NavLink>,
          <NavbarToggler
            className="toggler"
            onClick={[Function]}
            tag="button"
            type="button"
          />,
          <Collapse
            appear={false}
            enter={true}
            exit={true}
            in={false}
            isOpen={false}
            mountOnEnter={false}
            navbar={true}
            onEnter={[Function]}
            onEntered={[Function]}
            onEntering={[Function]}
            onExit={[Function]}
            onExited={[Function]}
            onExiting={[Function]}
            tag="div"
            timeout={350}
            unmountOnExit={false}
          >
            <Nav
              className="ml-auto"
              navbar={true}
              tag="ul"
              vertical={false}
            >
              <NavItem
                tag="li"
              >
                <NavLink
                  activeClassName="active-menu"
                  className="nav-link nav-menu"
                  to="/counter"
                >
                  Counter
                </NavLink>
              </NavItem>
              <NavItem
                tag="li"
              >
                <NavLink
                  activeClassName="active-menu"
                  className="nav-link nav-menu"
                  to="/todo"
                >
                  Todo
                </NavLink>
              </NavItem>
              <NavItem
                tag="li"
              >
                <NavLink
                  activeClassName="active-menu"
                  className="nav-link nav-menu"
                  to="/fetch"
                >
                  Users
                </NavLink>
              </NavItem>
            </Nav>
          </Collapse>,
        ],
        "className": "my-nav transparent-bg",
        "data-test": "Navbar",
        "expand": "md",
        "tag": "nav",
      },
      "ref": null,
      "rendered": Array [
        Object {
          "instance": null,
          "key": undefined,
          "nodeType": "function",
          "props": Object {
            "children": "Typescript",
            "className": "navbar-brand logo",
            "to": "/",
          },
          "ref": null,
          "rendered": "Typescript",
          "type": [Function],
        },
        Object {
          "instance": null,
          "key": undefined,
          "nodeType": "function",
          "props": Object {
            "className": "toggler",
            "onClick": [Function],
            "tag": "button",
            "type": "button",
          },
          "ref": null,
          "rendered": null,
          "type": [Function],
        },
        Object {
          "instance": null,
          "key": undefined,
          "nodeType": "class",
          "props": Object {
            "appear": false,
            "children": <Nav
              className="ml-auto"
              navbar={true}
              tag="ul"
              vertical={false}
            >
              <NavItem
                tag="li"
              >
                <NavLink
                  activeClassName="active-menu"
                  className="nav-link nav-menu"
                  to="/counter"
                >
                  Counter
                </NavLink>
              </NavItem>
              <NavItem
                tag="li"
              >
                <NavLink
                  activeClassName="active-menu"
                  className="nav-link nav-menu"
                  to="/todo"
                >
                  Todo
                </NavLink>
              </NavItem>
              <NavItem
                tag="li"
              >
                <NavLink
                  activeClassName="active-menu"
                  className="nav-link nav-menu"
                  to="/fetch"
                >
                  Users
                </NavLink>
              </NavItem>
            </Nav>,
            "enter": true,
            "exit": true,
            "in": false,
            "isOpen": false,
            "mountOnEnter": false,
            "navbar": true,
            "onEnter": [Function],
            "onEntered": [Function],
            "onEntering": [Function],
            "onExit": [Function],
            "onExited": [Function],
            "onExiting": [Function],
            "tag": "div",
            "timeout": 350,
            "unmountOnExit": false,
          },
          "ref": null,
          "rendered": Object {
            "instance": null,
            "key": undefined,
            "nodeType": "function",
            "props": Object {
              "children": Array [
                <NavItem
                  tag="li"
                >
                  <NavLink
                    activeClassName="active-menu"
                    className="nav-link nav-menu"
                    to="/counter"
                  >
                    Counter
                  </NavLink>
                </NavItem>,
                <NavItem
                  tag="li"
                >
                  <NavLink
                    activeClassName="active-menu"
                    className="nav-link nav-menu"
                    to="/todo"
                  >
                    Todo
                  </NavLink>
                </NavItem>,
                <NavItem
                  tag="li"
                >
                  <NavLink
                    activeClassName="active-menu"
                    className="nav-link nav-menu"
                    to="/fetch"
                  >
                    Users
                  </NavLink>
                </NavItem>,
              ],
              "className": "ml-auto",
              "navbar": true,
              "tag": "ul",
              "vertical": false,
            },
            "ref": null,
            "rendered": Array [
              Object {
                "instance": null,
                "key": undefined,
                "nodeType": "function",
                "props": Object {
                  "children": <NavLink
                    activeClassName="active-menu"
                    className="nav-link nav-menu"
                    to="/counter"
                  >
                    Counter
                  </NavLink>,
                  "tag": "li",
                },
                "ref": null,
                "rendered": Object {
                  "instance": null,
                  "key": undefined,
                  "nodeType": "function",
                  "props": Object {
                    "activeClassName": "active-menu",
                    "children": "Counter",
                    "className": "nav-link nav-menu",
                    "to": "/counter",
                  },
                  "ref": null,
                  "rendered": "Counter",
                  "type": [Function],
                },
                "type": [Function],
              },
              Object {
                "instance": null,
                "key": undefined,
                "nodeType": "function",
                "props": Object {
                  "children": <NavLink
                    activeClassName="active-menu"
                    className="nav-link nav-menu"
                    to="/todo"
                  >
                    Todo
                  </NavLink>,
                  "tag": "li",
                },
                "ref": null,
                "rendered": Object {
                  "instance": null,
                  "key": undefined,
                  "nodeType": "function",
                  "props": Object {
                    "activeClassName": "active-menu",
                    "children": "Todo",
                    "className": "nav-link nav-menu",
                    "to": "/todo",
                  },
                  "ref": null,
                  "rendered": "Todo",
                  "type": [Function],
                },
                "type": [Function],
              },
              Object {
                "instance": null,
                "key": undefined,
                "nodeType": "function",
                "props": Object {
                  "children": <NavLink
                    activeClassName="active-menu"
                    className="nav-link nav-menu"
                    to="/fetch"
                  >
                    Users
                  </NavLink>,
                  "tag": "li",
                },
                "ref": null,
                "rendered": Object {
                  "instance": null,
                  "key": undefined,
                  "nodeType": "function",
                  "props": Object {
                    "activeClassName": "active-menu",
                    "children": "Users",
                    "className": "nav-link nav-menu",
                    "to": "/fetch",
                  },
                  "ref": null,
                  "rendered": "Users",
                  "type": [Function],
                },
                "type": [Function],
              },
            ],
            "type": [Function],
          },
          "type": [Function],
        },
      ],
      "type": [Function],
    },
    "type": "div",
  },
  Symbol(enzyme.__nodes__): Array [
    Object {
      "instance": null,
      "key": undefined,
      "nodeType": "host",
      "props": Object {
        "children": <Navbar
          className="my-nav transparent-bg"
          data-test="Navbar"
          expand="md"
          tag="nav"
        >
          <NavLink
            className="navbar-brand logo"
            to="/"
          >
            Typescript
          </NavLink>
          <NavbarToggler
            className="toggler"
            onClick={[Function]}
            tag="button"
            type="button"
          />
          <Collapse
            appear={false}
            enter={true}
            exit={true}
            in={false}
            isOpen={false}
            mountOnEnter={false}
            navbar={true}
            onEnter={[Function]}
            onEntered={[Function]}
            onEntering={[Function]}
            onExit={[Function]}
            onExited={[Function]}
            onExiting={[Function]}
            tag="div"
            timeout={350}
            unmountOnExit={false}
          >
            <Nav
              className="ml-auto"
              navbar={true}
              tag="ul"
              vertical={false}
            >
              <NavItem
                tag="li"
              >
                <NavLink
                  activeClassName="active-menu"
                  className="nav-link nav-menu"
                  to="/counter"
                >
                  Counter
                </NavLink>
              </NavItem>
              <NavItem
                tag="li"
              >
                <NavLink
                  activeClassName="active-menu"
                  className="nav-link nav-menu"
                  to="/todo"
                >
                  Todo
                </NavLink>
              </NavItem>
              <NavItem
                tag="li"
              >
                <NavLink
                  activeClassName="active-menu"
                  className="nav-link nav-menu"
                  to="/fetch"
                >
                  Users
                </NavLink>
              </NavItem>
            </Nav>
          </Collapse>
        </Navbar>,
      },
      "ref": null,
      "rendered": Object {
        "instance": null,
        "key": undefined,
        "nodeType": "function",
        "props": Object {
          "children": Array [
            <NavLink
              className="navbar-brand logo"
              to="/"
            >
              Typescript
            </NavLink>,
            <NavbarToggler
              className="toggler"
              onClick={[Function]}
              tag="button"
              type="button"
            />,
            <Collapse
              appear={false}
              enter={true}
              exit={true}
              in={false}
              isOpen={false}
              mountOnEnter={false}
              navbar={true}
              onEnter={[Function]}
              onEntered={[Function]}
              onEntering={[Function]}
              onExit={[Function]}
              onExited={[Function]}
              onExiting={[Function]}
              tag="div"
              timeout={350}
              unmountOnExit={false}
            >
              <Nav
                className="ml-auto"
                navbar={true}
                tag="ul"
                vertical={false}
              >
                <NavItem
                  tag="li"
                >
                  <NavLink
                    activeClassName="active-menu"
                    className="nav-link nav-menu"
                    to="/counter"
                  >
                    Counter
                  </NavLink>
                </NavItem>
                <NavItem
                  tag="li"
                >
                  <NavLink
                    activeClassName="active-menu"
                    className="nav-link nav-menu"
                    to="/todo"
                  >
                    Todo
                  </NavLink>
                </NavItem>
                <NavItem
                  tag="li"
                >
                  <NavLink
                    activeClassName="active-menu"
                    className="nav-link nav-menu"
                    to="/fetch"
                  >
                    Users
                  </NavLink>
                </NavItem>
              </Nav>
            </Collapse>,
          ],
          "className": "my-nav transparent-bg",
          "data-test": "Navbar",
          "expand": "md",
          "tag": "nav",
        },
        "ref": null,
        "rendered": Array [
          Object {
            "instance": null,
            "key": undefined,
            "nodeType": "function",
            "props": Object {
              "children": "Typescript",
              "className": "navbar-brand logo",
              "to": "/",
            },
            "ref": null,
            "rendered": "Typescript",
            "type": [Function],
          },
          Object {
            "instance": null,
            "key": undefined,
            "nodeType": "function",
            "props": Object {
              "className": "toggler",
              "onClick": [Function],
              "tag": "button",
              "type": "button",
            },
            "ref": null,
            "rendered": null,
            "type": [Function],
          },
          Object {
            "instance": null,
            "key": undefined,
            "nodeType": "class",
            "props": Object {
              "appear": false,
              "children": <Nav
                className="ml-auto"
                navbar={true}
                tag="ul"
                vertical={false}
              >
                <NavItem
                  tag="li"
                >
                  <NavLink
                    activeClassName="active-menu"
                    className="nav-link nav-menu"
                    to="/counter"
                  >
                    Counter
                  </NavLink>
                </NavItem>
                <NavItem
                  tag="li"
                >
                  <NavLink
                    activeClassName="active-menu"
                    className="nav-link nav-menu"
                    to="/todo"
                  >
                    Todo
                  </NavLink>
                </NavItem>
                <NavItem
                  tag="li"
                >
                  <NavLink
                    activeClassName="active-menu"
                    className="nav-link nav-menu"
                    to="/fetch"
                  >
                    Users
                  </NavLink>
                </NavItem>
              </Nav>,
              "enter": true,
              "exit": true,
              "in": false,
              "isOpen": false,
              "mountOnEnter": false,
              "navbar": true,
              "onEnter": [Function],
              "onEntered": [Function],
              "onEntering": [Function],
              "onExit": [Function],
              "onExited": [Function],
              "onExiting": [Function],
              "tag": "div",
              "timeout": 350,
              "unmountOnExit": false,
            },
            "ref": null,
            "rendered": Object {
              "instance": null,
              "key": undefined,
              "nodeType": "function",
              "props": Object {
                "children": Array [
                  <NavItem
                    tag="li"
                  >
                    <NavLink
                      activeClassName="active-menu"
                      className="nav-link nav-menu"
                      to="/counter"
                    >
                      Counter
                    </NavLink>
                  </NavItem>,
                  <NavItem
                    tag="li"
                  >
                    <NavLink
                      activeClassName="active-menu"
                      className="nav-link nav-menu"
                      to="/todo"
                    >
                      Todo
                    </NavLink>
                  </NavItem>,
                  <NavItem
                    tag="li"
                  >
                    <NavLink
                      activeClassName="active-menu"
                      className="nav-link nav-menu"
                      to="/fetch"
                    >
                      Users
                    </NavLink>
                  </NavItem>,
                ],
                "className": "ml-auto",
                "navbar": true,
                "tag": "ul",
                "vertical": false,
              },
              "ref": null,
              "rendered": Array [
                Object {
                  "instance": null,
                  "key": undefined,
                  "nodeType": "function",
                  "props": Object {
                    "children": <NavLink
                      activeClassName="active-menu"
                      className="nav-link nav-menu"
                      to="/counter"
                    >
                      Counter
                    </NavLink>,
                    "tag": "li",
                  },
                  "ref": null,
                  "rendered": Object {
                    "instance": null,
                    "key": undefined,
                    "nodeType": "function",
                    "props": Object {
                      "activeClassName": "active-menu",
                      "children": "Counter",
                      "className": "nav-link nav-menu",
                      "to": "/counter",
                    },
                    "ref": null,
                    "rendered": "Counter",
                    "type": [Function],
                  },
                  "type": [Function],
                },
                Object {
                  "instance": null,
                  "key": undefined,
                  "nodeType": "function",
                  "props": Object {
                    "children": <NavLink
                      activeClassName="active-menu"
                      className="nav-link nav-menu"
                      to="/todo"
                    >
                      Todo
                    </NavLink>,
                    "tag": "li",
                  },
                  "ref": null,
                  "rendered": Object {
                    "instance": null,
                    "key": undefined,
                    "nodeType": "function",
                    "props": Object {
                      "activeClassName": "active-menu",
                      "children": "Todo",
                      "className": "nav-link nav-menu",
                      "to": "/todo",
                    },
                    "ref": null,
                    "rendered": "Todo",
                    "type": [Function],
                  },
                  "type": [Function],
                },
                Object {
                  "instance": null,
                  "key": undefined,
                  "nodeType": "function",
                  "props": Object {
                    "children": <NavLink
                      activeClassName="active-menu"
                      className="nav-link nav-menu"
                      to="/fetch"
                    >
                      Users
                    </NavLink>,
                    "tag": "li",
                  },
                  "ref": null,
                  "rendered": Object {
                    "instance": null,
                    "key": undefined,
                    "nodeType": "function",
                    "props": Object {
                      "activeClassName": "active-menu",
                      "children": "Users",
                      "className": "nav-link nav-menu",
                      "to": "/fetch",
                    },
                    "ref": null,
                    "rendered": "Users",
                    "type": [Function],
                  },
                  "type": [Function],
                },
              ],
              "type": [Function],
            },
            "type": [Function],
          },
        ],
        "type": [Function],
      },
      "type": "div",
    },
  ],
  Symbol(enzyme.__options__): Object {
    "adapter": ReactSixteenAdapter {
      "options": Object {
        "enableComponentDidUpdateOnSetState": true,
        "legacyContextMode": "parent",
        "lifecycles": Object {
          "componentDidUpdate": Object {
            "onSetState": true,
          },
          "getChildContext": Object {
            "calledByRenderer": false,
          },
          "getDerivedStateFromProps": Object {
            "hasShouldComponentUpdateBug": false,
          },
          "getSnapshotBeforeUpdate": true,
          "setState": Object {
            "skipsComponentDidUpdateOnNullish": true,
          },
        },
      },
    },
  },
}
`;
